// Jest Snapshot v1, https://goo.gl/fbAQLP

exports[`<Details /> renders Details information 1`] = `
ShallowWrapper {
  "complexSelector": ComplexSelector {
    "buildPredicate": [Function],
    "childrenOfNode": [Function],
    "findWhereUnwrapped": [Function],
  },
  "length": 1,
  "node": <div
    className="Popup"
    onClick={null}
  >
    <div
      className="Details"
    >
      <div
        className="Details-Name"
      >
        Brouwerij Dampegheest
         
      </div>
      <div>
        Achterweg 22
         
      </div>
      <div>
        1906 AG
         
      </div>
      <div>
        Limmen
         
      </div>
      <br />
      <div>
        Open:
        <br />
        <div>
          Friday
        </div>
        <div>
          Saturday
        </div>
        <div>
          Sunday
        </div>
      </div>
      <div
        className="btnClose"
      >
        X
      </div>
    </div>
  </div>,
  "nodes": Array [
    <div
      className="Popup"
      onClick={null}
    >
      <div
        className="Details"
      >
        <div
          className="Details-Name"
        >
          Brouwerij Dampegheest
           
        </div>
        <div>
          Achterweg 22
           
        </div>
        <div>
          1906 AG
           
        </div>
        <div>
          Limmen
           
        </div>
        <br />
        <div>
          Open:
          <br />
          <div>
            Friday
          </div>
          <div>
            Saturday
          </div>
          <div>
            Sunday
          </div>
        </div>
        <div
          className="btnClose"
        >
          X
        </div>
      </div>
    </div>,
  ],
  "options": Object {},
  "renderer": ReactShallowRenderer {
    "_instance": ShallowComponentWrapper {
      "_calledComponentWillUnmount": false,
      "_compositeType": 2,
      "_context": Object {},
      "_currentElement": <Details
        item={
          Object {
            "address": "Achterweg 22",
            "city": "Limmen",
            "name": "Brouwerij Dampegheest",
            "open": Array [
              "Friday",
              "Saturday",
              "Sunday",
            ],
            "zipcode": "1906 AG",
          }
        }
        onClick={null}
      />,
      "_debugID": 1,
      "_hostContainerInfo": null,
      "_hostParent": null,
      "_instance": StatelessComponent {
        "_reactInternalInstance": [Circular],
        "context": Object {},
        "props": Object {
          "item": Object {
            "address": "Achterweg 22",
            "city": "Limmen",
            "name": "Brouwerij Dampegheest",
            "open": Array [
              "Friday",
              "Saturday",
              "Sunday",
            ],
            "zipcode": "1906 AG",
          },
          "onClick": null,
        },
        "refs": Object {},
        "state": null,
        "updater": Object {
          "enqueueCallback": [Function],
          "enqueueCallbackInternal": [Function],
          "enqueueElementInternal": [Function],
          "enqueueForceUpdate": [Function],
          "enqueueReplaceState": [Function],
          "enqueueSetState": [Function],
          "isMounted": [Function],
          "validateCallback": [Function],
        },
      },
      "_mountOrder": 1,
      "_pendingCallbacks": null,
      "_pendingElement": null,
      "_pendingForceUpdate": false,
      "_pendingReplaceState": false,
      "_pendingStateQueue": null,
      "_renderedComponent": NoopInternalComponent {
        "_currentElement": <div
          className="Popup"
          onClick={null}
        >
          <div
            className="Details"
          >
            <div
              className="Details-Name"
            >
              Brouwerij Dampegheest
               
            </div>
            <div>
              Achterweg 22
               
            </div>
            <div>
              1906 AG
               
            </div>
            <div>
              Limmen
               
            </div>
            <br />
            <div>
              Open:
              <br />
              <div>
                Friday
              </div>
              <div>
                Saturday
              </div>
              <div>
                Sunday
              </div>
            </div>
            <div
              className="btnClose"
            >
              X
            </div>
          </div>
        </div>,
        "_debugID": 2,
        "_renderedOutput": <div
          className="Popup"
          onClick={null}
        >
          <div
            className="Details"
          >
            <div
              className="Details-Name"
            >
              Brouwerij Dampegheest
               
            </div>
            <div>
              Achterweg 22
               
            </div>
            <div>
              1906 AG
               
            </div>
            <div>
              Limmen
               
            </div>
            <br />
            <div>
              Open:
              <br />
              <div>
                Friday
              </div>
              <div>
                Saturday
              </div>
              <div>
                Sunday
              </div>
            </div>
            <div
              className="btnClose"
            >
              X
            </div>
          </div>
        </div>,
      },
      "_renderedNodeType": 0,
      "_rootNodeID": 0,
      "_topLevelWrapper": null,
      "_updateBatchNumber": null,
      "_warnedAboutRefsInRender": false,
    },
    "getRenderOutput": [Function],
    "render": [Function],
  },
  "root": [Circular],
  "unrendered": <Details
    item={
      Object {
        "address": "Achterweg 22",
        "city": "Limmen",
        "name": "Brouwerij Dampegheest",
        "open": Array [
          "Friday",
          "Saturday",
          "Sunday",
        ],
        "zipcode": "1906 AG",
      }
    }
    onClick={null}
  />,
}
`;
